// Jest Snapshot v1, https://goo.gl/fbAQLP

exports[`Snapshot Matches 1`] = `
.c0 {
  display: flex;
  flex-direction: row;
  flex-direction: row-reverse;
  flex-direction: column;
  flex-direction: column-reverse;
  flex-wrap: wrap;
  justify-content: flex-start;
  justify-content: flex-end;
  justify-content: center;
  justify-content: space-between;
  justify-content: space-around;
  justify-content: space-evenly;
  align-items: flex-start;
  align-items: flex-end;
  align-items: center;
  align-items: baseline;
  align-items: stretch;
  align-content: flex-start;
  align-content: flex-end;
  align-content: center;
  align-content: space-between;
  align-content: space-around;
  align-content: stretch;
  flex: 8;
  flex: none;
  align-self: auto;
  align-self: flex-start;
  align-self: flex-end;
  align-self: center;
  align-self: baseline;
  align-self: stretch;
  width: 8px;
  height: 8px;
  min-width: 8px;
  min-height: 8px;
  max-width: 8px;
  max-height: 8px;
  margin: 8px;
  margin-top: 8px;
  margin-right: 8px;
  margin-bottom: 8px;
  margin-left: 8px;
  padding: 8px;
  padding-top: 8px;
  padding-right: 8px;
  padding-bottom: 8px;
  padding-left: 8px;
  background: pink;
  background-image: url(cat.jpg);
  background-size: cover;
  background-size: contain;
  border: 2px solid pink;
  border-radius: 8px;
  position: relative;
  position: absolute;
  position: fixed;
  position: sticky;
  top: 8px;
  right: 8px;
  bottom: 8px;
  left: 8px;
  z-index: 8;
  font: 300 16px/1.2 sans-serif;
  font-family: sans-serif;
  font-size: 16px;
  font-weight: 300;
  line-height: 1.2;
  letter-spacing: 2px;
  text-align: center;
  color: 8;
  overflow: auto;
  position: absolute;
  top: 0;
  right: 0;
  bottom: 0;
  left: 0;
  width: 8px;
  height: 8px;
  min-height: 100vh;
  display: none;
  border-radius: 50%;
  cursor: pointer;
  pointer-events: none;
  position: absolute;
}

.c0 > *:not(:first-child) {
  margin-left: 8px;
}

.c0 > *:not(:last-child) {
  margin-right: 8px;
}

.c0 > *:not(:first-child) {
  margin-top: 8px;
}

.c0 > *:not(:last-child) {
  margin-bottom: 8px;
}

.c0::after {
  content: "";
  position: absolute;
  top: 0;
  right: 0;
  bottom: 0;
  left: 0;
  background: 8;
  opacity: 0.2;
  pointer-events: none;
}

@media (max-width:200px) {
  .c0 {
    flex-direction: row;
    flex-direction: row-reverse;
    flex-direction: column;
    flex-direction: column-reverse;
    flex-wrap: wrap;
    justify-content: flex-start;
    justify-content: flex-end;
    justify-content: center;
    justify-content: space-between;
    justify-content: space-around;
    justify-content: space-evenly;
    align-items: flex-start;
    align-items: flex-end;
    align-items: center;
    align-items: baseline;
    align-items: stretch;
    align-content: flex-start;
    align-content: flex-end;
    align-content: center;
    align-content: space-between;
    align-content: space-around;
    align-content: stretch;
    flex: 8;
    flex: none;
    align-self: auto;
    align-self: flex-start;
    align-self: flex-end;
    align-self: center;
    align-self: baseline;
    align-self: stretch;
    width: 8px;
    height: 8px;
    min-width: 8px;
    min-height: 8px;
    max-width: 8px;
    max-height: 8px;
    margin: 8px;
    margin-top: 8px;
    margin-right: 8px;
    margin-bottom: 8px;
    margin-left: 8px;
    padding: 8px;
    padding-top: 8px;
    padding-right: 8px;
    padding-bottom: 8px;
    padding-left: 8px;
    background: pink;
    background-image: url(cat.jpg);
    background-size: cover;
    background-size: contain;
    border: 2px solid pink;
    border-radius: 8px;
    position: relative;
    position: absolute;
    position: fixed;
    position: sticky;
    top: 8px;
    right: 8px;
    bottom: 8px;
    left: 8px;
    z-index: 8;
    font: 300 16px/1.2 sans-serif;
    font-family: sans-serif;
    font-size: 16px;
    font-weight: 300;
    line-height: 1.2;
    letter-spacing: 2px;
    text-align: center;
    color: 8;
    overflow: auto;
    position: absolute;
    top: 0;
    right: 0;
    bottom: 0;
    left: 0;
    width: 8px;
    height: 8px;
    min-height: 100vh;
    display: none;
    border-radius: 50%;
    cursor: pointer;
    pointer-events: none;
    position: absolute;
  }

  .c0 > *:not(:first-child) {
    margin-left: 8px;
  }

  .c0 > *:not(:last-child) {
    margin-right: 8px;
  }

  .c0 > *:not(:first-child) {
    margin-top: 8px;
  }

  .c0 > *:not(:last-child) {
    margin-bottom: 8px;
  }

  .c0::after {
    content: "";
    position: absolute;
    top: 0;
    right: 0;
    bottom: 0;
    left: 0;
    background: 8;
    opacity: 0.2;
    pointer-events: none;
  }
}

@media (min-width:300px) {
  .c0 {
    flex-direction: column;
    justify-content: center;
    align-items: center;
    background: pink;
  }
}

@media (min-width:400px) {
  .c0 {
    flex-direction: column;
    justify-content: center;
    align-items: center;
    background: gray;
  }

  .c0 > *:not(:first-child) {
    margin-top: 8px;
  }
}

<div
  className="c0"
  color={8}
  fontFamily="sans-serif"
  fontSize={16}
  fontWeight={300}
  height={8}
  letterSpacing={2}
  overflow="auto"
  radius={8}
  width={8}
  z={8}
/>
`;
